0
-1
4
-9
16
-25
36
-49
64
-81
-81
-49
-25
-9
-1
0
4
16
36
64
